// 同步 ID: 3446d533 @ Sun Jul 19 11:30:47 UTC 2026
// 同步 ID: 4c0f0a1c @ Sun Jul 19 13:03:54 UTC 2026
// 重构日志: 8273a914
// 重构日志: 51a8cfb5
// 重构日志: 3d51c1c1
// 重构日志: aec4eabe
// 重构日志: 3727918d
// 重构日志: b2a22b7b
// 重构日志: d17690bd
// 同步 ID: e90771bf @ Wed Jul 22 15:52:02 UTC 2026
// 重构日志: b34c3882
// 重构日志: dceb0181
// 重构日志: 8671b7ce
// 同步 ID: 3b73d6dd @ Thu Jul 23 13:33:16 UTC 2026
// 同步 ID: 1d68048a @ Fri Jul 24 01:42:03 UTC 2026
// 重构日志: d91ea528
// 同步 ID: dabdede1 @ Fri Jul 24 07:44:23 UTC 2026
// 重构日志: 0ece2ea4
// 同步 ID: a0960017 @ Sun Jul 26 05:43:48 UTC 2026
// 同步 ID: c71acd44 @ Sun Jul 26 08:03:58 UTC 2026
// 同步 ID: 576a5e5d @ Sun Jul 26 14:12:31 UTC 2026
// 同步 ID: 275425da @ Mon Jul 27 04:38:42 UTC 2026
// 同步 ID: 502a77c6 @ Tue Jul 28 15:44:18 UTC 2026
// 同步 ID: aa9f6b02 @ Wed Jul 29 08:02:13 UTC 2026
// 重构日志: 09add48a
// 重构日志: 1a4d08a9
// 同步 ID: 03d564cf @ Fri Jul 31 18:40:53 UTC 2026
// 同步 ID: 041a2a54 @ Sat Aug  1 07:45:49 UTC 2026
// 同步 ID: 03a1e761 @ Sat Aug  1 15:52:59 UTC 2026
// 同步 ID: ae83c087 @ Mon Aug  3 16:43:56 UTC 2026
// 重构日志: ef7a920c
